[dotenv@17.3.1] injecting env (1) from .env -- tip: ≡ƒöÉ prevent committing .env to code: https://dotenvx.com/precommit
User found: aathikannan284@gmail.com 8903228802
Password Match with aathiKANNANmanikandan@2007: true
Password Match with aathiKANNAN@2026: false
